2024-10-10 22:33:26.590756: 10
